// Code generated by cproto. DO NOT EDIT.

package test

import discovery "go.chromium.org/luci/grpc/discovery"

import "github.com/golang/protobuf/protoc-gen-go/descriptor"

func init() {
	discovery.RegisterDescriptorSetCompressed(
		[]string{
			"test.S1", "test.S2_0", "test.S2_1",
		},
		[]byte{31, 139,
			8, 0, 0, 0, 0, 0, 0, 255, 220, 210, 207, 110, 211, 64,
			16, 6, 240, 29, 239, 198, 178, 39, 118, 154, 12, 151, 138, 30,
			24, 122, 226, 128, 76, 98, 36, 238, 81, 212, 67, 171, 194, 33,
			161, 92, 81, 154, 108, 106, 75, 193, 155, 122, 55, 85, 121, 35,
			196, 157, 59, 47, 193, 203, 112, 66, 187, 137, 249, 243, 10, 156,
			236, 111, 236, 249, 29, 118, 63, 252, 174, 176, 239, 62, 237, 94,
			77, 138, 93, 107, 156, 33, 229, 180, 117, 231, 79, 80, 206, 245,
			61, 101, 8, 143, 167, 192, 240, 66, 206, 225, 241, 48, 180, 255,
			14, 203, 231, 24, 45, 38, 116, 134, 240, 150, 210, 194, 239, 22,
			115, 125, 255, 244, 247, 171, 61, 23, 87, 63, 36, 198, 164, 148,
			32, 192, 111, 128, 144, 145, 84, 130, 202, 175, 192, 51, 179, 251,
			220, 214, 119, 149, 227, 114, 60, 121, 195, 239, 43, 205, 215, 55,
			179, 75, 158, 238, 93, 101, 90, 91, 240, 116, 187, 229, 240, 131,
			229, 86, 91, 221, 62, 232, 117, 129, 124, 99, 53, 155, 13, 187,
			170, 182, 108, 205, 190, 93, 105, 94, 153, 181, 230, 218, 242, 157,
			121, 208, 109, 163, 215, 188, 111, 214, 186, 101, 87, 105, 158, 238,
			150, 43, 15, 215, 43, 221, 88, 253, 146, 63, 232, 214, 214, 166,
			225, 178, 24, 35, 187, 106, 233, 120, 181, 108, 248, 86, 243, 198,
			236, 155, 53, 215, 77, 216, 186, 190, 156, 93, 188, 91, 92, 240,
			166, 222, 234, 2, 49, 65, 136, 72, 198, 73, 134, 136, 81, 44,
			72, 37, 2, 1, 17, 101, 44, 128, 100, 146, 32, 246, 81, 197,
			34, 18, 36, 83, 245, 12, 51, 236, 249, 0, 36, 211, 36, 237,
			82, 68, 50, 197, 188, 75, 146, 100, 122, 122, 230, 57, 37, 72,
			101, 98, 16, 56, 229, 119, 178, 164, 239, 57, 21, 184, 92, 13,
			49, 199, 158, 15, 138, 84, 174, 178, 32, 248, 216, 243, 31, 211,
			46, 1, 201, 28, 251, 93, 146, 36, 243, 193, 73, 208, 129, 212,
			208, 31, 189, 215, 1, 72, 14, 143, 58, 120, 125, 116, 212, 33,
			232, 35, 53, 60, 232, 16, 244, 209, 81, 135, 160, 143, 142, 58,
			4, 125, 52, 56, 185, 141, 67, 99, 94, 227, 151, 232, 80, 161,
			242, 239, 10, 149, 49, 170, 69, 249, 113, 124, 124, 78, 174, 126,
			194, 161, 5, 131, 255, 183, 5, 135, 57, 252, 185, 206, 24, 194,
			117, 102, 221, 81, 253, 10, 0, 0, 255, 255, 108, 243, 81, 251,
			110, 3, 0, 0},
	)
}

// FileDescriptorSet returns a descriptor set for this proto package, which
// includes all defined services, and all transitive dependencies.
//
// Will not return nil.
//
// Do NOT modify the returned descriptor.
func FileDescriptorSet() *descriptor.FileDescriptorSet {
	// We just need ONE of the service names to look up the FileDescriptorSet.
	ret, err := discovery.GetDescriptorSet("test.S1")
	if err != nil {
		panic(err)
	}
	return ret
}
