// Code generated by cproto. DO NOT EDIT.

package helloworld

import "go.chromium.org/luci/grpc/discovery"

import "google.golang.org/protobuf/types/descriptorpb"

func init() {
	discovery.RegisterDescriptorSetCompressed(
		[]string{
			"test.helloworld.Greeter",
		},
		[]byte{31, 139,
			8, 0, 0, 0, 0, 0, 0, 255, 116, 147, 77, 111, 211, 76,
			16, 199, 189, 94, 215, 117, 38, 77, 95, 166, 47, 137, 242, 188,
			141, 114, 120, 138, 16, 114, 219, 32, 184, 32, 14, 165, 170, 104,
			81, 197, 161, 161, 28, 184, 185, 241, 36, 182, 228, 238, 134, 221,
			77, 81, 190, 18, 119, 190, 13, 31, 128, 143, 129, 214, 137, 1,
			33, 122, 155, 159, 119, 118, 127, 255, 241, 218, 240, 53, 134, 127,
			29, 91, 151, 103, 46, 59, 42, 184, 170, 244, 39, 109, 170, 252,
			200, 63, 75, 103, 70, 59, 141, 91, 117, 253, 115, 109, 48, 128,
			141, 11, 79, 215, 252, 113, 206, 214, 33, 66, 164, 178, 59, 238,
			9, 18, 143, 90, 215, 117, 61, 248, 31, 96, 213, 51, 171, 22,
			216, 131, 245, 59, 182, 54, 155, 54, 77, 13, 14, 71, 176, 254,
			218, 48, 59, 54, 120, 1, 201, 40, 91, 212, 187, 240, 159, 244,
			55, 105, 250, 171, 177, 255, 215, 67, 203, 179, 106, 49, 8, 94,
			237, 127, 216, 253, 195, 76, 111, 190, 69, 16, 99, 20, 5, 61,
			1, 95, 4, 136, 13, 148, 81, 128, 195, 207, 130, 206, 244, 108,
			97, 202, 105, 225, 104, 120, 124, 242, 156, 222, 21, 76, 87, 55,
			103, 151, 116, 58, 119, 133, 54, 54, 165, 211, 170, 162, 186, 193,
			146, 97, 203, 230, 158, 243, 20, 232, 198, 50, 233, 9, 185, 162,
			180, 100, 245, 220, 140, 153, 198, 58, 103, 42, 45, 77, 245, 61,
			27, 197, 57, 205, 85, 206, 134, 92, 193, 116, 58, 203, 198, 254,
			224, 114, 204, 202, 242, 19, 122, 207, 198, 150, 90, 209, 48, 61,
			6, 114, 69, 230, 104, 156, 41, 186, 101, 154, 232, 185, 202, 169,
			84, 245, 174, 171, 203, 179, 243, 183, 163, 115, 154, 148, 21, 167,
			0, 9, 136, 16, 101, 28, 244, 124, 149, 160, 76, 130, 199, 208,
			130, 48, 105, 47, 203, 20, 194, 56, 192, 168, 29, 108, 138, 254,
			160, 158, 99, 234, 95, 110, 169, 166, 228, 83, 151, 99, 166, 156,
			39, 165, 42, 93, 169, 85, 10, 0, 32, 227, 64, 160, 108, 39,
			91, 240, 31, 68, 113, 16, 6, 40, 59, 225, 179, 62, 210, 136,
			85, 110, 41, 251, 113, 0, 192, 6, 172, 249, 6, 129, 178, 19,
			111, 54, 20, 162, 236, 108, 255, 221, 144, 68, 217, 57, 60, 129,
			151, 16, 70, 1, 70, 59, 193, 174, 232, 159, 212, 49, 204, 242,
			226, 104, 117, 237, 52, 214, 202, 101, 165, 242, 193, 252, 148, 115,
			203, 230, 208, 146, 255, 114, 150, 169, 34, 175, 217, 73, 246, 160,
			13, 81, 84, 167, 194, 16, 189, 197, 195, 154, 167, 164, 33, 129,
			18, 91, 157, 134, 36, 74, 220, 222, 129, 23, 16, 70, 2, 163,
			131, 160, 39, 250, 71, 171, 4, 118, 166, 149, 229, 135, 34, 52,
			115, 218, 165, 95, 8, 148, 7, 9, 214, 126, 225, 253, 221, 112,
			191, 118, 136, 218, 223, 93, 249, 69, 237, 239, 182, 182, 27, 146,
			40, 187, 187, 123, 183, 113, 253, 235, 60, 253, 30, 0, 0, 255,
			255, 233, 26, 242, 229, 95, 3, 0, 0},
	)
}

// FileDescriptorSet returns a descriptor set for this proto package, which
// includes all defined services, and all transitive dependencies.
//
// Will not return nil.
//
// Do NOT modify the returned descriptor.
func FileDescriptorSet() *descriptorpb.FileDescriptorSet {
	// We just need ONE of the service names to look up the FileDescriptorSet.
	ret, err := discovery.GetDescriptorSet("test.helloworld.Greeter")
	if err != nil {
		panic(err)
	}
	return ret
}
